// Jest Snapshot v1, https://goo.gl/fbAQLP

exports[`context should populate with capitalized keys 1`] = `
Object {
  "Name": "Foobar",
  "h": Object {
    "capitalize": [Function],
    "inflection": Object {
      "_apply_rules": [Function],
      "camelize": [Function],
      "capitalize": [Function],
      "classify": [Function],
      "dasherize": [Function],
      "demodulize": [Function],
      "foreign_key": [Function],
      "humanize": [Function],
      "indexOf": [Function],
      "inflect": [Function],
      "ordinalize": [Function],
      "pluralize": [Function],
      "singularize": [Function],
      "tableize": [Function],
      "titleize": [Function],
      "transform": [Function],
      "undasherize": [Function],
      "underscore": [Function],
      "version": "1.12.0",
    },
  },
  "name": "foobar",
}
`;
